// Jest Snapshot v1, https://goo.gl/fbAQLP

exports[`Sign in form should render 1`] = `
<Form>
  <main
    className="pa4 black-80"
  >
    <div
      className="measure center"
    >
      <fieldset
        className="ba b--transparent ph0 mh0"
        id="sign_up"
      >
        <legend
          className="f4 fw6 ph0 mh0"
        />
        <div
          className="mt3"
        >
          <label
            className="db fw6 lh-copy f6"
            htmlFor="email-address"
          >
            Email Address
          </label>
          <input
            className="pa2 input-reset ba bg-transparent hover-bg-black hover-white w-100"
            id="email-address"
            name="email-address"
            type="email"
          />
        </div>
        <div
          className="mv3"
        >
          <div
            className="mt3"
          >
            <label
              className="db fw6 lh-copy f6"
              htmlFor="password"
            >
              Password
            </label>
            <input
              className="b pa2 input-reset ba bg-transparent hover-bg-black hover-white w-100"
              id="password"
              name="password"
              type="password"
            />
          </div>
        </div>
      </fieldset>
      <div>
        <input
          className="b ph3 pv2 input-reset ba b--black bg-transparent grow pointer f6 dib"
          id="submit-button"
          type="submit"
        />
      </div>
    </div>
  </main>
</Form>
`;
